// Jest Snapshot v1, https://goo.gl/fbAQLP

exports[`Test Quote Component Text content testing 1`] = `
<div
  class="loading"
>
   Pls wait moment it is Loading... 
</div>
`;
