// Jest Snapshot v1, https://goo.gl/fbAQLP

exports[`renders learn react link 1`] = `
<h3>
  Math Magicians
</h3>
`;
